[crasty.cf/index.html]
[backblue.gif]
[fade.gif]
[index.html]
[crasty.cf/assets/src/pagea57a.css]
[crasty.cf/assets/src/homecfa8.css]
[crasty.cf/assets/src/inv.ico]
[crasty.cf/assets/js/home543f.js]
[crasty.cf/indexd41d.html]
[crasty.cf/assets/privacy.html]
[crasty.cf/index0cc1.html]
[crasty.cf/index0b4e.html]
[crasty.cf/index74b8.html]
[crasty.cf/assets/js/page6ca9.js]
[crasty.cf/index5d79.html]
[crasty.cf/index.html]
[arc.io/widget.js]
[crasty.cf/assets/fonts/roboto_latin_ext.woff2]
[crasty.cf/assets/fonts/roboto_latin.woff2]
[crasty.cf/assets/fonts/materialicons.woff2]
[crasty.cf/assets/fonts/whitney_600.woff]
[crasty.cf/assets/fonts/michroma.woff2]
[crasty.cf/assets/fonts/whitney_bold.woff]
[crasty.cf/assets/fonts/whitney_500.woff]
[crasty.cf/assets/fonts/michroma.ttf]
[crasty.cf/assets/fonts/michroma.eot]
[crasty.cf/assets/fonts/michroma.svg]
[crasty.cf/assets/src/dark.svg]
[crasty.cf/assets/src/cord-button/logo.svg]
[crasty.cf/assets/src/cord-button/idle.webp]
[crasty.cf/assets/src/cord-button/hover.webp]
[crasty.cf/assets/src/sponsor/nc1.webp]
[crasty.cf/assets/src/noise.png]
[crasty.cf/assets/src/pagea57a.css]
[crasty.cf/assets/src/laptop-2d41d.webp]
[crasty.cf/assets/src/homecfa8.css]
[crasty.cf/indexd41d.html]
[crasty.cf/assets/src/prox9311.css]
[crasty.cf/UEQ=]
[crasty.cf/UE0=]
[crasty.cf/UFA=]
[crasty.cf/QVA=]
[crasty.cf/bWluZWNyYWZ0Lm5ldA==]
[crasty.cf/Z29vZ2xlLmNvbQ==]
[crasty.cf/anVzdGJ1aWxkLmxvbA==]
[crasty.cf/MXYxLmxvbA==]
[crasty.cf/eW91dHViZS5jb20=]
[crasty.cf/ZGlzY29yZC5jb20=]
[crasty.cf/b2xkLnJlZGRpdC5jb20=]
[crasty.cf/index0cc1.html]
[crasty.cf/assets/js/prox60ba.js]
[crasty.cf/assets/src/utils3572.css]
[crasty.cf/vm-menu]
[crasty.cf/vga-menu]
[crasty.cf/state-menu]
[crasty.cf/keyboard-menu]
[crasty.cf/01]
[crasty.cf/02]
[crasty.cf/vm_arch]
[crasty.cf/vm_linux]
[crasty.cf/vm_linux3]
[crasty.cf/vm_linux4]
[crasty.cf/vm_linuxmint]
[crasty.cf/vm_msdos]
[crasty.cf/vm_win95]
[crasty.cf/vm_win98]
[crasty.cf/vm_kolibrios]
[crasty.cf/vm_kolibri-0.7.7.0]
[crasty.cf/utils/v86/v86_all.js]
[crasty.cf/index0b4e.html]
[crasty.cf/assets/js/utils3e1a.js]
[crasty.cf/index4124.html]
[crasty.cf/index74b8.html]
[crasty.cf/assets/src/authors5336.css]
[crasty.cf/index47bc.html]
[crasty.cf/assets/privacy.html]
[crasty.cf/assets/src/legalcd3e.css]
[crasty.cf/assets/tos.html]
[crasty.cf/cdn-cgi/l/email-protection.html]
[crasty.cf/index5d79.html]
[crasty.cf/assets/fonts/michroma.svg]
[crasty.cf/assets/src/dark.svg]
[crasty.cf/assets/src/cord-button/logo.svg]
[crasty.cf/assets/src/sponsor/nc1.html]
[crasty.cf/assets/src/prox9311.css]
[crasty.cf/UEQ=.html]
[crasty.cf/UE0=.html]
[crasty.cf/UFA=.html]
[crasty.cf/QVA=.html]
[crasty.cf/bWluZWNyYWZ0Lm5ldA==.html]
[crasty.cf/Z29vZ2xlLmNvbQ==.html]
[crasty.cf/anVzdGJ1aWxkLmxvbA==.html]
[crasty.cf/MXYxLmxvbA==.html]
[crasty.cf/eW91dHViZS5jb20=.html]
[crasty.cf/ZGlzY29yZC5jb20=.html]
[crasty.cf/b2xkLnJlZGRpdC5jb20=.html]
[crasty.cf/assets/src/utils3572.css]
[crasty.cf/vm-menu.html]
[crasty.cf/vga-menu.html]
[crasty.cf/state-menu.html]
[crasty.cf/keyboard-menu.html]
[crasty.cf/01.html]
[crasty.cf/02.html]
[crasty.cf/vm_arch.html]
[crasty.cf/vm_linux.html]
[crasty.cf/vm_linux3.html]
[crasty.cf/vm_linux4.html]
[crasty.cf/vm_linuxmint.html]
[crasty.cf/vm_msdos.html]
[crasty.cf/vm_win95.html]
[crasty.cf/vm_win98.html]
[crasty.cf/vm_kolibrios.html]
[crasty.cf/vm_kolibri-0.7.7.html]
[crasty.cf/cdn-cgi/scripts/5c5dd728/cloudflare-static/email-decode.min.js]
[crasty.cf/assets/fonts/michroma.woff]
[crasty.cf/assets/src/gams1081.css]
[crasty.cf/html5&&L2Fzc2V0cy9odG1sNS9nYmEtZW11bGF0b3I=]
[crasty.cf/html5&&L2Fzc2V0cy9odG1sNS9uZXMtZW11bGF0b3I=]
[crasty.cf/html5&&L2Fzc2V0cy9odG1sNS9taW5lY3JhZnQ=]
[crasty.cf/html5&&L2Fzc2V0cy9odG1sNS9zbG9wZQ==]
[crasty.cf/html5&&L2Fzc2V0cy9odG1sNS9oZXhnbA==]
[crasty.cf/html5&&L2Fzc2V0cy9odG1sNS8yMDQ4]
[crasty.cf/html5&&L2Fzc2V0cy9odG1sNS9mbGFwcHliaXJk]
[crasty.cf/html5&&L2Fzc2V0cy9odG1sNS9jb29raWUtY2xpY2tlcg==]
[crasty.cf/html5&&L2Fzc2V0cy9odG1sNS9zbTY0]
[crasty.cf/html5&&L2Fzc2V0cy9odG1sNS9zcGFjZWludmFkZXJz]
[crasty.cf/flash&&L2Fzc2V0cy9mbGFzaC8xb24xc29jY2VyXzI0LnN3Zg==]
[crasty.cf/flash&&L2Fzc2V0cy9mbGFzaC9BY2hpZXZlbWVudFVubG9ja2VkMy5zd2Y=]
[crasty.cf/flash&&L2Fzc2V0cy9mbGFzaC9BcmthbmRpYW5SZXZlbmFudC5zd2Y=]
[crasty.cf/flash&&L2Fzc2V0cy9mbGFzaC9CbG9vbnNUb3dlckRlZmVuc2UzLnN3Zg==]
[crasty.cf/flash&&L2Fzc2V0cy9mbGFzaC9CbG9vbnNUb3dlckRlZmVuc2U0LnN3Zg==]
[crasty.cf/flash&&L2Fzc2V0cy9mbGFzaC9Cb25rTGl2ZVZlcnNpb24yLnN3Zg==]
[crasty.cf/flash&&L2Fzc2V0cy9mbGFzaC9Cb29tYm90Mi5zd2Y=]
[crasty.cf/flash&&L2Fzc2V0cy9mbGFzaC9CdWJibGUtdGFua3MtMi5zd2Y=]
[crasty.cf/flash&&L2Fzc2V0cy9mbGFzaC9Eb29tLnN3Zg==]
[crasty.cf/flash&&L2Fzc2V0cy9mbGFzaC9FbGVjdHJpY01hbjIuc3dm]
[crasty.cf/flash&&L2Fzc2V0cy9mbGFzaC9KdW1waXgyLnN3Zg==]
[crasty.cf/flash&&L2Fzc2V0cy9mbGFzaC9NYXJpb1JhY2luZ1RvdXJuYW1lbnQuc3dm]
[crasty.cf/flash&&L2Fzc2V0cy9mbGFzaC9OR2FtZTIuc3dm]
[crasty.cf/flash&&L2Fzc2V0cy9mbGFzaC9Qb3J0YWwyRC5zd2Y=]
[crasty.cf/flash&&L2Fzc2V0cy9mbGFzaC9TcG9ydHNIZWFkc1NvY2Nlci5zd2Y=]
[crasty.cf/flash&&L2Fzc2V0cy9mbGFzaC9TdGlja1JQRy5zd2Y=]
[crasty.cf/flash&&L2Fzc2V0cy9mbGFzaC9TdGlja1J1bjIuc3dm]
[crasty.cf/flash&&L2Fzc2V0cy9mbGFzaC9UYWN0aWNhbEFzc2Fzc2luLnN3Zg==]
[crasty.cf/flash&&L2Fzc2V0cy9mbGFzaC9UYW5rVHJvdWJsZS5zd2Y=]
[crasty.cf/flash&&L2Fzc2V0cy9mbGFzaC9hZGFyYW4uc3dm]
[crasty.cf/flash&&L2Fzc2V0cy9mbGFzaC9hZHJlbmFsaW5lXzI0LnN3Zg==]
[crasty.cf/flash&&L2Fzc2V0cy9mbGFzaC9ib3hoZWFkLTItcGxheWVyc18yNy5zd2Y=]
[crasty.cf/flash&&L2Fzc2V0cy9mbGFzaC9idWxsZXRfYmlsbF8yNi5zd2Y=]
[crasty.cf/flash&&L2Fzc2V0cy9mbGFzaC9jYXVzYWxpdHlfY2hyb21lX2VkaXRpb25fMjYuc3dm]
[crasty.cf/flash&&L2Fzc2V0cy9mbGFzaC9jb21wdXRlcl9iYXNoaW5nXzI3LnN3Zg==]
[crasty.cf/flash&&L2Fzc2V0cy9mbGFzaC9jcnVzaC10aGUtY2FzdGxlXzI1LnN3Zg==]
[crasty.cf/flash&&L2Fzc2V0cy9mbGFzaC9jdWJlZmllbGRfMjQuc3dm]
[crasty.cf/flash&&L2Fzc2V0cy9mbGFzaC9kb25rZXkta29uZ18yNi5zd2Y=]
[crasty.cf/flash&&L2Fzc2V0cy9mbGFzaC9kb250c2hvb3R0aGVwdXBweV8yNi5zd2Y=]
[crasty.cf/flash&&L2Fzc2V0cy9mbGFzaC9kb29kbGVkZWZlbmRlcl8yOC5zd2Y=]
[crasty.cf/flash&&L2Fzc2V0cy9mbGFzaC9lYXJuLXRvLWRpZS1zdXBlci13aGVlbF8yNS5zd2Y=]
[crasty.cf/flash&&L2Fzc2V0cy9mbGFzaC9lbGVjdHJpY19tYW5fMjguc3dm]
[crasty.cf/flash&&L2Fzc2V0cy9mbGFzaC9lbGVwaGFudF9xdWVzdF8yNy5zd2Y=]
[crasty.cf/flash&&L2Fzc2V0cy9mbGFzaC9lcGljLWNvbWJvLXJlZHV4LV9fMV9fMjMuc3dm]
[crasty.cf/flash&&L2Fzc2V0cy9mbGFzaC9mbGFzaGZsaWdodHNpbXVsYXRvcl8yMS5zd2Y=]
[crasty.cf/flash&&L2Fzc2V0cy9mbGFzaC9oYXBweV93aGVlbHNfMjguc3dm]
[crasty.cf/flash&&L2Fzc2V0cy9mbGFzaC9tYWQyXzI0LnN3Zg==]
[crasty.cf/flash&&L2Fzc2V0cy9mbGFzaC9tZWdhbWFuX3Byb2plY3RfeF8yNS5zd2Y=]
[crasty.cf/flash&&L2Fzc2V0cy9mbGFzaC9taW5lX2Jsb2Nrc18yNy5zd2Y=]
[crasty.cf/flash&&L2Fzc2V0cy9mbGFzaC9taXJyb3ItZWRnZV8yNi5zd2Y=]
[crasty.cf/flash&&L2Fzc2V0cy9mbGFzaC9tdWx0aXRhc2tfMjcuc3dm]
[crasty.cf/flash&&L2Fzc2V0cy9mbGFzaC9uX2dhbWVfNTQuc3dm]
[crasty.cf/flash&&L2Fzc2V0cy9mbGFzaC9uYW5vdHViZV8yNC5zd2Y=]
[crasty.cf/flash&&L2Fzc2V0cy9mbGFzaC9udWNsZXVzXzI0LnN3Zg==]
[crasty.cf/flash&&L2Fzc2V0cy9mbGFzaC9wYW5kZW1pYy5zd2Y=]
[crasty.cf/flash&&L2Fzc2V0cy9mbGFzaC9wYW5kZW1pYzIuc3dm]
[crasty.cf/flash&&L2Fzc2V0cy9mbGFzaC9ydTIuc3dm]
[crasty.cf/flash&&L2Fzc2V0cy9mbGFzaC9ydTMuc3dm]
[crasty.cf/flash&&L2Fzc2V0cy9mbGFzaC9zbWFzaGZsYXNoLnN3Zg==]
[crasty.cf/index4124.html]
[crasty.cf/index47bc.html]
[crasty.cf/assets/src/authors5336.css]
[crasty.cf/assets/src/legalcd3e.css]
[crasty.cf/assets/tos.html]
[crasty.cf/cdn-cgi/l/email-protection.html]
[crasty.cf/assets/src/gams1081.css]
[crasty.cf/html5&&L2Fzc2V0cy9odG1sNS9nYmEtZW11bGF0b3I=.html]
[crasty.cf/html5&&L2Fzc2V0cy9odG1sNS9uZXMtZW11bGF0b3I=.html]
[crasty.cf/html5&&L2Fzc2V0cy9odG1sNS9taW5lY3JhZnQ=.html]
[crasty.cf/html5&&L2Fzc2V0cy9odG1sNS9zbG9wZQ==.html]
[crasty.cf/html5&&L2Fzc2V0cy9odG1sNS9oZXhnbA==.html]
[crasty.cf/html5&&L2Fzc2V0cy9odG1sNS8yMDQ4.html]
[crasty.cf/html5&&L2Fzc2V0cy9odG1sNS9mbGFwcHliaXJk.html]
[crasty.cf/html5&&L2Fzc2V0cy9odG1sNS9jb29raWUtY2xpY2tlcg==.html]
[crasty.cf/html5&&L2Fzc2V0cy9odG1sNS9zbTY0.html]
[crasty.cf/html5&&L2Fzc2V0cy9odG1sNS9zcGFjZWludmFkZXJz.html]
[crasty.cf/flash&&L2Fzc2V0cy9mbGFzaC8xb24xc29jY2VyXzI0LnN3Zg==.html]
[crasty.cf/flash&&L2Fzc2V0cy9mbGFzaC9BY2hpZXZlbWVudFVubG9ja2VkMy5zd2Y=.html]
[crasty.cf/flash&&L2Fzc2V0cy9mbGFzaC9BcmthbmRpYW5SZXZlbmFudC5zd2Y=.html]
[crasty.cf/flash&&L2Fzc2V0cy9mbGFzaC9CbG9vbnNUb3dlckRlZmVuc2UzLnN3Zg==.html]
[crasty.cf/flash&&L2Fzc2V0cy9mbGFzaC9CbG9vbnNUb3dlckRlZmVuc2U0LnN3Zg==.html]
[crasty.cf/flash&&L2Fzc2V0cy9mbGFzaC9Cb25rTGl2ZVZlcnNpb24yLnN3Zg==.html]
[crasty.cf/flash&&L2Fzc2V0cy9mbGFzaC9Cb29tYm90Mi5zd2Y=.html]
[crasty.cf/flash&&L2Fzc2V0cy9mbGFzaC9CdWJibGUtdGFua3MtMi5zd2Y=.html]
[crasty.cf/flash&&L2Fzc2V0cy9mbGFzaC9Eb29tLnN3Zg==.html]
[crasty.cf/flash&&L2Fzc2V0cy9mbGFzaC9FbGVjdHJpY01hbjIuc3dm.html]
[crasty.cf/flash&&L2Fzc2V0cy9mbGFzaC9KdW1waXgyLnN3Zg==.html]
[crasty.cf/flash&&L2Fzc2V0cy9mbGFzaC9NYXJpb1JhY2luZ1RvdXJuYW1lbnQuc3dm.html]
[crasty.cf/flash&&L2Fzc2V0cy9mbGFzaC9OR2FtZTIuc3dm.html]
[crasty.cf/flash&&L2Fzc2V0cy9mbGFzaC9Qb3J0YWwyRC5zd2Y=.html]
[crasty.cf/flash&&L2Fzc2V0cy9mbGFzaC9TcG9ydHNIZWFkc1NvY2Nlci5zd2Y=.html]
[crasty.cf/flash&&L2Fzc2V0cy9mbGFzaC9TdGlja1JQRy5zd2Y=.html]
[crasty.cf/flash&&L2Fzc2V0cy9mbGFzaC9TdGlja1J1bjIuc3dm.html]
[crasty.cf/flash&&L2Fzc2V0cy9mbGFzaC9UYWN0aWNhbEFzc2Fzc2luLnN3Zg==.html]
[crasty.cf/flash&&L2Fzc2V0cy9mbGFzaC9UYW5rVHJvdWJsZS5zd2Y=.html]
[crasty.cf/flash&&L2Fzc2V0cy9mbGFzaC9hZGFyYW4uc3dm.html]
[crasty.cf/flash&&L2Fzc2V0cy9mbGFzaC9hZHJlbmFsaW5lXzI0LnN3Zg==.html]
[crasty.cf/flash&&L2Fzc2V0cy9mbGFzaC9ib3hoZWFkLTItcGxheWVyc18yNy5zd2Y=.html]
[crasty.cf/flash&&L2Fzc2V0cy9mbGFzaC9idWxsZXRfYmlsbF8yNi5zd2Y=.html]
[crasty.cf/flash&&L2Fzc2V0cy9mbGFzaC9jYXVzYWxpdHlfY2hyb21lX2VkaXRpb25fMjYuc3dm.html]
[crasty.cf/flash&&L2Fzc2V0cy9mbGFzaC9jb21wdXRlcl9iYXNoaW5nXzI3LnN3Zg==.html]
[crasty.cf/flash&&L2Fzc2V0cy9mbGFzaC9jcnVzaC10aGUtY2FzdGxlXzI1LnN3Zg==.html]
[crasty.cf/flash&&L2Fzc2V0cy9mbGFzaC9jdWJlZmllbGRfMjQuc3dm.html]
[crasty.cf/flash&&L2Fzc2V0cy9mbGFzaC9kb25rZXkta29uZ18yNi5zd2Y=.html]
[crasty.cf/flash&&L2Fzc2V0cy9mbGFzaC9kb250c2hvb3R0aGVwdXBweV8yNi5zd2Y=.html]
[crasty.cf/flash&&L2Fzc2V0cy9mbGFzaC9kb29kbGVkZWZlbmRlcl8yOC5zd2Y=.html]
[crasty.cf/flash&&L2Fzc2V0cy9mbGFzaC9lYXJuLXRvLWRpZS1zdXBlci13aGVlbF8yNS5zd2Y=.html]
[crasty.cf/flash&&L2Fzc2V0cy9mbGFzaC9lbGVjdHJpY19tYW5fMjguc3dm.html]
[crasty.cf/flash&&L2Fzc2V0cy9mbGFzaC9lbGVwaGFudF9xdWVzdF8yNy5zd2Y=.html]
[crasty.cf/flash&&L2Fzc2V0cy9mbGFzaC9lcGljLWNvbWJvLXJlZHV4LV9fMV9fMjMuc3dm.html]
[crasty.cf/flash&&L2Fzc2V0cy9mbGFzaC9mbGFzaGZsaWdodHNpbXVsYXRvcl8yMS5zd2Y=.html]
[crasty.cf/flash&&L2Fzc2V0cy9mbGFzaC9oYXBweV93aGVlbHNfMjguc3dm.html]
[crasty.cf/flash&&L2Fzc2V0cy9mbGFzaC9tYWQyXzI0LnN3Zg==.html]
[crasty.cf/flash&&L2Fzc2V0cy9mbGFzaC9tZWdhbWFuX3Byb2plY3RfeF8yNS5zd2Y=.html]
[crasty.cf/flash&&L2Fzc2V0cy9mbGFzaC9taW5lX2Jsb2Nrc18yNy5zd2Y=.html]
[crasty.cf/flash&&L2Fzc2V0cy9mbGFzaC9taXJyb3ItZWRnZV8yNi5zd2Y=.html]
[crasty.cf/flash&&L2Fzc2V0cy9mbGFzaC9tdWx0aXRhc2tfMjcuc3dm.html]
[crasty.cf/flash&&L2Fzc2V0cy9mbGFzaC9uX2dhbWVfNTQuc3dm.html]
[crasty.cf/flash&&L2Fzc2V0cy9mbGFzaC9uYW5vdHViZV8yNC5zd2Y=.html]
[crasty.cf/flash&&L2Fzc2V0cy9mbGFzaC9udWNsZXVzXzI0LnN3Zg==.html]
[crasty.cf/flash&&L2Fzc2V0cy9mbGFzaC9wYW5kZW1pYy5zd2Y=.html]
[crasty.cf/flash&&L2Fzc2V0cy9mbGFzaC9wYW5kZW1pYzIuc3dm.html]
[crasty.cf/flash&&L2Fzc2V0cy9mbGFzaC9ydTIuc3dm.html]
[crasty.cf/flash&&L2Fzc2V0cy9mbGFzaC9ydTMuc3dm.html]
[crasty.cf/flash&&L2Fzc2V0cy9mbGFzaC9zbWFzaGZsYXNoLnN3Zg==.html]
[crasty.cf/flash&&L2Fzc2V0cy9mbGFzaC91ZnNvbmljLnN3Zg==]
[crasty.cf/assets/js/gams1f2f.js]
[crasty.cf/assets/src/chtbc37b.css]
